(node:*) ExperimentalWarning: The ESM module loader is experimental.
(node:*) ExperimentalWarning: --experimental-loader is an experimental feature. This feature could change at any time
file://*/test/fixtures/es-module-loaders/syntax-error.mjs:2
await async () => 0;
^^^^^

SyntaxError: Unexpected reserved word
    at Loader.moduleStrategy (internal/modules/esm/translators.js:*:*)
    at async link (internal/modules/esm/module_job.js:*:*)
