
*:3
throw {  // eslint-disable-line no-throw-literal
^
[object Object]
(Use `node --trace-uncaught ...` to show where the exception was thrown)
