(node:*) V8: *v8_warning.js:* Invalid asm.js: Invalid return type
